episode=   20 step=    3997 reward=  -278.71 success=0 alpha=nan
episode=   40 step=    8461 reward=   -91.40 success=0 alpha=0.074
episode=   60 step=   13270 reward=  -150.26 success=0 alpha=0.025
episode=   80 step=   17588 reward=   -87.92 success=0 alpha=0.018
episode=  100 step=   21928 reward=  -166.68 success=0 alpha=0.028
validation step=   25000 success=3/30 reward=-180.71 distance=0.2599
episode=  120 step=   26551 reward=   -73.74 success=0 alpha=0.029
episode=  140 step=   31392 reward=   -86.52 success=0 alpha=0.031
episode=  160 step=   34961 reward=   -89.68 success=1 alpha=0.026
episode=  180 step=   39232 reward=  -159.09 success=0 alpha=0.029
episode=  200 step=   43685 reward=  -151.27 success=0 alpha=0.029
episode=  220 step=   48511 reward=  -102.00 success=0 alpha=0.029
validation step=   50000 success=4/30 reward=-173.93 distance=0.2510
episode=  240 step=   52907 reward=   -96.76 success=0 alpha=0.027
episode=  260 step=   57150 reward=  -117.13 success=0 alpha=0.024
episode=  280 step=   61656 reward=  -125.10 success=0 alpha=0.026
episode=  300 step=   65747 reward=   -95.96 success=1 alpha=0.027
episode=  320 step=   69350 reward=  -178.58 success=0 alpha=0.026
episode=  340 step=   74045 reward=  -142.34 success=0 alpha=0.027
validation step=   75000 success=7/30 reward=-174.94 distance=0.2827
episode=  360 step=   77999 reward=  -183.91 success=0 alpha=0.026
episode=  380 step=   82655 reward=  -215.16 success=0 alpha=0.025
episode=  400 step=   86573 reward=  -341.05 success=0 alpha=0.026
episode=  420 step=   91012 reward=  -113.32 success=0 alpha=0.025
episode=  440 step=   95386 reward=   -85.50 success=0 alpha=0.024
episode=  460 step=   98672 reward=   -80.32 success=1 alpha=0.025
validation step=  100000 success=7/30 reward=-165.97 distance=0.2259
episode=  480 step=  102778 reward=  -229.93 success=0 alpha=0.024
episode=  500 step=  107138 reward=  -117.92 success=0 alpha=0.025
episode=  520 step=  110469 reward=  -291.21 success=0 alpha=0.024
episode=  540 step=  115164 reward=   -95.71 success=0 alpha=0.024
episode=  560 step=  119418 reward=   -96.59 success=0 alpha=0.025
episode=  580 step=  123539 reward=  -135.08 success=0 alpha=0.024
validation step=  125000 success=8/30 reward=-168.60 distance=0.2253
episode=  600 step=  127145 reward=  -130.64 success=0 alpha=0.025
episode=  620 step=  130974 reward=   -84.33 success=1 alpha=0.025
episode=  640 step=  134906 reward=  -130.28 success=0 alpha=0.023
episode=  660 step=  138530 reward=  -111.40 success=1 alpha=0.022
episode=  680 step=  142730 reward=  -141.10 success=0 alpha=0.021
episode=  700 step=  146961 reward=   -56.42 success=1 alpha=0.021
validation step=  150000 success=4/30 reward=-170.67 distance=0.2175
episode=  720 step=  151537 reward=  -131.38 success=0 alpha=0.021
episode=  740 step=  155351 reward=  -176.36 success=1 alpha=0.021
episode=  760 step=  159328 reward=   -84.59 success=0 alpha=0.020
episode=  780 step=  163806 reward=  -108.07 success=0 alpha=0.021
episode=  800 step=  168470 reward=   -85.33 success=0 alpha=0.021
episode=  820 step=  172536 reward=   -73.72 success=0 alpha=0.022
validation step=  175000 success=7/30 reward=-166.37 distance=0.2061
episode=  840 step=  176479 reward=  -143.18 success=0 alpha=0.021
episode=  860 step=  180056 reward=  -206.84 success=0 alpha=0.022
episode=  880 step=  183372 reward=  -106.92 success=0 alpha=0.022
episode=  900 step=  186804 reward=  -124.16 success=0 alpha=0.021
episode=  920 step=  189822 reward=  -335.82 success=0 alpha=0.020
episode=  940 step=  193883 reward=  -107.31 success=0 alpha=0.021
episode=  960 step=  197750 reward=   -99.32 success=1 alpha=0.022
validation step=  200000 success=9/30 reward=-165.06 distance=0.1940
